Γû▓ Next.js 16.1.6 (Turbopack)
- Environments: .env.local

  Creating an optimized production build ...
Γ£ô Compiled successfully in 7.9s
  Running TypeScript ...
  Collecting page data using 11 workers ...
  Generating static pages using 11 workers (0/16) ...
  Generating static pages using 11 workers (4/16) 
  Generating static pages using 11 workers (8/16) 
  Generating static pages using 11 workers (12/16) 
Γ£ô Generating static pages using 11 workers (16/16) in 768.7ms
  Finalizing page optimization ...

Route (app)
Γöî ╞Æ /
Γö£ Γùï /_not-found
Γö£ ╞Æ /api/render
Γö£ ╞Æ /api/render/[id]
Γö£ ╞Æ /create
Γö£ ╞Æ /dashboard
Γö£ ╞Æ /dashboard/renders
Γö£ ╞Æ /dashboard/settings
Γö£ Γùï /forgot-password
Γö£ ╞Æ /login
Γö£ Γùï /pricing
Γö£ Γùï /privacy
Γö£ Γùï /reset-password
Γö£ Γùï /signup
Γöö Γùï /terms


Γùï  (Static)   prerendered as static content
╞Æ  (Dynamic)  server-rendered on demand

