backup_launch_v1/CreateClient.tsx(8,31): error TS2307: Cannot find module '../../remotion/Composition' or its corresponding type declarations.
backup_launch_v1/CreateClient.tsx(9,58): error TS2307: Cannot find module '@/components/ui/Card' or its corresponding type declarations.
backup_launch_v1/CreateClient.tsx(13,42): error TS2307: Cannot find module '../../remotion/themes' or its corresponding type declarations.
backup_launch_v1/LandingClient.tsx(6,58): error TS2307: Cannot find module '@/components/ui/Card' or its corresponding type declarations.
backup_launch_v1/Navbar.tsx(4,29): error TS2307: Cannot find module './ThemeToggle' or its corresponding type declarations.
remotion.config.ts(6,24): error TS2307: Cannot find module '@remotion/cli/config' or its corresponding type declarations.
remotion.config.ts(7,32): error TS2307: Cannot find module '@remotion/tailwind-v4' or its corresponding type declarations.
